// Jest Snapshot v1, https://goo.gl/fbAQLP

exports[`should render EditExpensepage correctly 1`] = `
<div>
  <ExpenseForm
    expense={
      Object {
        "amount": 195,
        "createdAt": 0,
        "description": "gum",
        "id": "1",
      }
    }
    onSubmit={[Function]}
  />
  <button
    onClick={[Function]}
  >
    REMOVE
  </button>
</div>
`;
