// Jest Snapshot v1, https://goo.gl/fbAQLP

exports[`should render Expense List Item with expense 1`] = `
<div>
  <h3>
    <Link
      to="/edit/1"
    >
      gum
    </Link>
  </h3>
  <p>
    195
     - 
    0
  </p>
</div>
`;
