// Jest Snapshot v1, https://goo.gl/fbAQLP

exports[`should render Expense List with empty message 1`] = `
<div>
  <h2>
    Expense List
  </h2>
  <p>
    No Expenses Found!!
  </p>
</div>
`;

exports[`should render Expense List with expenses 1`] = `
<div>
  <h2>
    Expense List
  </h2>
  <ExpenseListItem
    amount={195}
    createdAt={0}
    description="gum"
    id="1"
    key="1"
  />
  <ExpenseListItem
    amount={1950}
    createdAt={-345600000}
    description="rent"
    id="2"
    key="2"
  />
  <ExpenseListItem
    amount={1450}
    createdAt={345600000}
    description="credit card"
    id="3"
    key="3"
  />
</div>
`;
